错误：ERROR 1130: Host '192.168.1.3' is not allowed to connect to thisMySQL serve

错误1130：主机192.168.1.3”不允许连接到thismysql服务

原因：被连接的数据不允许使用 192.168.1.3访问，只允许是用 localhost;

解决办法：

可能是你的帐号不允许从远程登陆，只能在localhost。这个时候只要在localhost的那台电脑，登入mysql后，更改"mysql" 数据库里的 "user" 表里的 "host"项，从"localhost"改称"%"


mysql -u root -p

mysql>use mysql;

mysql>select 'host' from user where user='root';

mysql>update user set host = '%' where user ='root';

mysql>flush privileges;

mysql>select 'host'   from user where user='root';